AUTH DISABLED: /tenant and /api/platform/admin routes are open without token.
Tenant not found. headerTenant="" host="localhost" path="/products"
Tenant not found. headerTenant="" host="localhost" path="/categories"
Tenant not found. headerTenant="" host="localhost" path="/brands"
Tenant not found. headerTenant="" host="localhost" path="/products"
Tenant not found. headerTenant="" host="localhost" path="/products"
Tenant not found. headerTenant="" host="localhost" path="/categories"
Tenant not found. headerTenant="" host="localhost" path="/categories"
Tenant not found. headerTenant="" host="localhost" path="/brands"
Tenant not found. headerTenant="" host="localhost" path="/products"
Tenant not found. headerTenant="" host="localhost" path="/categories"
Tenant not found. headerTenant="" host="localhost" path="/brands"
Tenant not found. headerTenant="" host="localhost" path="/brands"
Tenant not found. headerTenant="" host="localhost" path="/products"
Tenant not found. headerTenant="" host="localhost" path="/categories"
Tenant not found. headerTenant="" host="localhost" path="/pages/home"
Tenant not found. headerTenant="" host="localhost" path="/categories"
Tenant not found. headerTenant="" host="localhost" path="/brands"
Tenant not found. headerTenant="" host="localhost" path="/pages/home"
Tenant not found. headerTenant="" host="localhost" path="/products"
Tenant not found. headerTenant="" host="localhost" path="/products"
Tenant not found. headerTenant="" host="localhost" path="/brands"
Tenant not found. headerTenant="" host="localhost" path="/products"
Tenant not found. headerTenant="" host="localhost" path="/categories"
Tenant not found. headerTenant="" host="localhost" path="/products"
Tenant not found. headerTenant="" host="localhost" path="/brands"
Tenant not found. headerTenant="" host="localhost" path="/categories"
Tenant not found. headerTenant="" host="localhost" path="/brands"
Tenant not found. headerTenant="" host="localhost" path="/categories"
Tenant not found. headerTenant="" host="localhost" path="/brands"
Tenant not found. headerTenant="" host="localhost" path="/products"
Tenant not found. headerTenant="" host="localhost" path="/products"
Tenant not found. headerTenant="" host="localhost" path="/pages/home"
Tenant not found. headerTenant="" host="localhost" path="/pages/home"
Tenant not found. headerTenant="" host="localhost" path="/products"
Tenant not found. headerTenant="" host="localhost" path="/products"
Tenant not found. headerTenant="" host="localhost" path="/categories"
Tenant not found. headerTenant="" host="localhost" path="/brands"
Tenant not found. headerTenant="" host="localhost" path="/products"
Tenant not found. headerTenant="" host="localhost" path="/categories"
Tenant not found. headerTenant="" host="localhost" path="/brands"
Tenant not found. headerTenant="" host="localhost" path="/products"
Tenant not found. headerTenant="" host="localhost" path="/categories"
Tenant not found. headerTenant="" host="localhost" path="/brands"
Tenant not found. headerTenant="" host="localhost" path="/products"
Tenant not found. headerTenant="" host="localhost" path="/products"
Tenant not found. headerTenant="" host="localhost" path="/categories"
Tenant not found. headerTenant="" host="localhost" path="/brands"
Tenant not found. headerTenant="" host="localhost" path="/brands"
Tenant not found. headerTenant="" host="localhost" path="/categories"
Tenant not found. headerTenant="" host="localhost" path="/tenant"
Tenant not found. headerTenant="" host="localhost" path="/tenant"
Tenant not found. headerTenant="" host="localhost" path="/tenant"
Tenant not found. headerTenant="" host="localhost" path="/products"
Tenant not found. headerTenant="" host="localhost" path="/categories"
Tenant not found. headerTenant="" host="localhost" path="/categories"
Tenant not found. headerTenant="" host="localhost" path="/products"
Tenant not found. headerTenant="" host="localhost" path="/categories"
Tenant not found. headerTenant="" host="localhost" path="/categories"
Tenant not found. headerTenant="" host="localhost" path="/brands"
Tenant not found. headerTenant="" host="localhost" path="/products"
Tenant not found. headerTenant="" host="localhost" path="/brands"
Tenant not found. headerTenant="" host="localhost" path="/brands"
Tenant not found. headerTenant="" host="localhost" path="/products"
Tenant not found. headerTenant="" host="localhost" path="/brands"
Tenant not found. headerTenant="" host="localhost" path="/brands"
Tenant not found. headerTenant="" host="localhost" path="/products"
Tenant not found. headerTenant="" host="localhost" path="/categories"
Tenant not found. headerTenant="" host="localhost" path="/brands"
Tenant not found. headerTenant="" host="localhost" path="/products"
Tenant not found. headerTenant="" host="localhost" path="/categories"
Tenant not found. headerTenant="" host="localhost" path="/brands"
