
> proyecto-teflon@0.0.0 dev
> vite --host 127.0.0.1 --port 5173


  [32m[1mVITE[22m v5.4.21[39m  [2mready in [0m[1m685[22m[2m[0m ms[22m

  [32m➜[39m  [1mLocal[22m:   [36mhttp://127.0.0.1:[1m5173[22m/[39m
[2m10:16:35[22m [36m[1m[vite][22m[39m [32m✨ new dependencies optimized: [33mlucide-react[32m[39m
[2m10:16:35[22m [36m[1m[vite][22m[39m [32m✨ optimized dependencies changed. reloading[39m
[2m10:35:35[22m [36m[1m[vite][22m[39m [32mhmr update [39m[2m/src/components/admin/evolution/EvolutionLayout.jsx, /src/index.css[22m
[2m10:35:35[22m [36m[1m[vite][22m[39m [32mhmr update [39m[2m/src/components/admin/evolution/EvolutionSidebar.jsx, /src/index.css[22m
[2m10:35:35[22m [36m[1m[vite][22m[39m [32mhmr update [39m[2m/src/components/admin/evolution/EvolutionCanvas.jsx, /src/index.css[22m
[2m10:35:35[22m [36m[1m[vite][22m[39m [32mhmr update [39m[2m/src/components/admin/evolution/EvolutionInspector.jsx, /src/index.css[22m
[2m10:35:35[22m [36m[1m[vite][22m[39m [32mhmr update [39m[2m/src/components/admin/evolution/EvolutionLayout.jsx, /src/index.css[22m
[2m10:35:35[22m [36m[1m[vite][22m[39m [32mhmr update [39m[2m/src/components/admin/evolution/PageSectionsEditor.jsx, /src/index.css[22m
[2m10:35:35[22m [36m[1m[vite][22m[39m [32mhmr update [39m[2m/src/index.css[22m
[2m10:35:35[22m [36m[1m[vite][22m[39m [32mhmr update [39m[2m/src/components/admin/evolution/CatalogEditor.jsx, /src/index.css[22m
[2m10:39:37[22m [36m[1m[vite][22m[39m [32mhmr update [39m[2m/src/components/admin/evolution/EvolutionSidebar.jsx, /src/index.css[22m
[2m10:39:37[22m [36m[1m[vite][22m[39m [32mhmr update [39m[2m/src/components/admin/evolution/EvolutionInspector.jsx, /src/index.css[22m
[2m10:39:38[22m [36m[1m[vite][22m[39m [32mhmr update [39m[2m/src/components/admin/evolution/EvolutionSidebar.jsx, /src/index.css[22m
[2m10:39:38[22m [36m[1m[vite][22m[39m [32mhmr update [39m[2m/src/components/admin/evolution/EvolutionCanvas.jsx, /src/index.css[22m
[2m10:41:46[22m [36m[1m[vite][22m[39m [32mhmr update [39m[2m/src/components/admin/evolution/EvolutionCanvas.jsx, /src/index.css[22m
[2m10:59:16[22m [36m[1m[vite][22m[39m [32mhmr update [39m[2m/src/components/admin/evolution/EvolutionSidebar.jsx, /src/index.css[22m
[2m10:59:16[22m [36m[1m[vite][22m[39m [32mhmr update [39m[2m/src/components/admin/evolution/EvolutionCanvas.jsx, /src/index.css[22m
[2m10:59:16[22m [36m[1m[vite][22m[39m [32mhmr update [39m[2m/src/components/admin/evolution/EvolutionInspector.jsx, /src/index.css[22m
[2m10:59:29[22m [36m[1m[vite][22m[39m [32mhmr update [39m[2m/src/components/admin/evolution/EvolutionInspector.jsx, /src/index.css[22m
[2m11:01:51[22m [36m[1m[vite][22m[39m [32mhmr update [39m[2m/src/components/admin/evolution/EvolutionSidebar.jsx, /src/index.css[22m
[2m11:01:51[22m [36m[1m[vite][22m[39m [32mhmr update [39m[2m/src/components/admin/evolution/EvolutionCanvas.jsx, /src/index.css[22m
[2m11:01:51[22m [36m[1m[vite][22m[39m [32mhmr update [39m[2m/src/components/admin/evolution/PageSectionsEditor.jsx, /src/index.css[22m
